<area shape="rect" id="node2" href="$class_controller_1_1_player_controller.html" title="{Controller.PlayerController\n|~ view\l~ proj\l|+ PlayerController()\l+ moveLeft()\l+ moveRight()\l+ turnLeft()\l+ turnRight()\l+ getPosition()\l+ getBoundingBox()\l+ getSide()\l+ alive()\l+ die()\l+ display()\l+ getSprite()\l+ grab()\l+ shoot()\l# getShootAngle()\l}" coords="296,1387,469,1684">
<area shape="rect" id="node3" href="$class_controller_1_1_projectile_controller.html" title="{Controller.ProjectileController\n|~ model\l~ view\l|+ ProjectileController()\l+ display()\l+ setPosition()\l+ getPosition()\l+ getBoundingBox()\l+ move()\l+ idling()\l+ getSide()\l+ setSide()\l}" coords="162,1049,353,1258">
<area shape="rect" id="node4" href="$class_model_1_1_projectile.html" title="{Model.Projectile\n|~ speed\l~ x\l~ y\l~ angle\l~ x_velocity\l~ y_velocity\l~ side\l|+ Projectile()\l+ posX()\l+ posY()\l+ setX()\l+ setY()\l+ move()\l+ getPosition()\l+ getBoundingBox()\l+ idling()\l+ getSide()\l+ setSide()\l&#45; updateTrajectory()\l&#45; collidingWall()\l&#45; collidingSide()\l}" coords="27,564,165,920">
<area shape="rect" id="node5" href="$class_view_1_1_projectile_view.html" title="{View.ProjectileView\n|~ gc\l~ image\l|+ ProjectileView()\l+ display()\l}" coords="190,689,325,795">
<area shape="rect" id="node8" href="$class_view_1_1_player_view.html" title="{View.PlayerView\n|~ directionArrow\l~ sprite\l~ PlayerDirectionArrow\l~ graphicsContext\l|+ PlayerView()\l+ display()\l+ getSprite()\l+ shoot()\l+ die()\l~ spriteAnimate()\l&#45; rotateArrow()\l}" coords="349,637,504,847">
<area shape="rect" id="node10" href="$class_view_1_1_sprite.html" title="{View.Sprite\n|+ isRunning\l&#45; walkClips\l&#45; shootClips\l&#45; dieClips\l&#45; numCellsDie\l&#45; numCells\l&#45; numCellsWalk\l&#45; numCellsShoot\l&#45; walkTimeline\l&#45; frameCounter\l&#45; shootTimeline\l&#45; dieTimeline\l&#45; timeline\l|+ Sprite()\l+ playContinuously()\l+ playShoot()\l+ playDie()\l+ stop()\l}" coords="628,189,767,501">
<area shape="rect" id="node14" href="$class_model_1_1_human_player.html" title="{Model.HumanPlayer\n||+ HumanPlayer()\l}" coords="494,1497,629,1574">
<area shape="rect" id="node15" href="$class_model_1_1_player.html" title="{Model.Player\n|# x\l# y\l# speed\l# base_angle\l# angle\l# side\l&#45; alive\l|+ Player()\l+ moveLeft()\l+ moveRight()\l+ turnLeft()\l+ turnRight()\l+ getPosition()\l+ getBoundingBox()\l+ getAngle()\l+ getShootAngle()\l+ getSide()\l+ alive()\l+ die()\l~ boost()\l}" coords="494,983,629,1324">
