<area shape="rect" id="node2" href="$class_view_1_1_player_view.html#7c52235d2744a1a991904b64b52a3e5d" title="View.PlayerView.display" coords="369,5,529,32">
<area shape="rect" id="node3" href="$class_model_1_1_player.html#5d3829481a8e28ded33bf6b51e64d3da" title="Model.Player.getAngle" coords="374,56,523,83">
<area shape="rect" id="node4" href="$class_model_1_1_player.html#9fd007a263b250dfd57b7b7a92273e55" title="Model.Player.getPosition" coords="636,120,797,147">
<area shape="rect" id="node5" href="$class_controller_1_1_human_player_controller.html#9f9ff905c265db90ba5ea2cf91da4203" title="Controller.HumanPlayerController.getPosition" coords="309,157,588,184">
<area shape="rect" id="node6" href="$class_controller_1_1_projectile_controller.html#c0b6149ebda3733d1dbc02e4a31046dd" title="Controller.ProjectileController.setPosition" coords="321,208,577,235">
<area shape="rect" id="node7" href="$class_model_1_1_projectile.html#1a4be43e256c1f217ceb87172ffab2f6" title="Model.Projectile.setX" coords="645,183,788,209">
<area shape="rect" id="node8" href="$class_model_1_1_projectile.html#e6abe51fca2d6adc680e64614990e636" title="Model.Projectile.setY" coords="646,233,787,260">
