<area shape="rect" id="node8" href="$class_view_1_1_projectile_view.html" title="{View.ProjectileView\n|~ gc\l~ image\l|+ ProjectileView()\l+ display()\l}" coords="425,689,559,795">
<area shape="rect" id="node10" href="$class_view_1_1_player_view.html" title="{View.PlayerView\n|~ directionArrow\l~ sprite\l~ PlayerDirectionArrow\l~ graphicsContext\l|+ PlayerView()\l+ display()\l+ getSprite()\l+ shoot()\l+ die()\l~ spriteAnimate()\l&#45; rotateArrow()\l}" coords="584,637,739,847">
<area shape="rect" id="node4" href="$class_model_1_1_game.html" title="{Model.Game\n|~ team1\l~ team2\l~ colorMap\l~ width\l~ height\l&#45; activePlayers\l|+ Game()\l+ getActivePlayers()\l+ getTeam1()\l+ getTeam2()\l+ updateDead()\l&#45; getPlayers()\l&#45; generateTeams()\l}" coords="321,1629,458,1868">
<area shape="rect" id="node5" href="$class_controller_1_1_player_controller.html" title="{Controller.PlayerController\n|~ view\l~ proj\l|+ PlayerController()\l+ moveLeft()\l+ moveRight()\l+ turnLeft()\l+ turnRight()\l+ getPosition()\l+ getBoundingBox()\l+ getSide()\l+ alive()\l+ die()\l+ display()\l+ getSprite()\l+ grab()\l+ shoot()\l# getShootAngle()\l}" coords="312,1255,485,1552">
<area shape="rect" id="node6" href="$class_controller_1_1_projectile_controller.html" title="{Controller.ProjectileController\n|~ model\l~ view\l|+ ProjectileController()\l+ display()\l+ setPosition()\l+ getPosition()\l+ getBoundingBox()\l+ move()\l+ idling()\l+ getSide()\l+ setSide()\l}" coords="281,983,471,1192">
<area shape="rect" id="node7" href="$class_model_1_1_projectile.html" title="{Model.Projectile\n|~ speed\l~ x\l~ y\l~ angle\l~ x_velocity\l~ y_velocity\l~ side\l|+ Projectile()\l+ posX()\l+ posY()\l+ setX()\l+ setY()\l+ move()\l+ getPosition()\l+ getBoundingBox()\l+ idling()\l+ getSide()\l+ setSide()\l&#45; updateTrajectory()\l&#45; collidingWall()\l&#45; collidingSide()\l}" coords="261,564,400,920">
<area shape="rect" id="node12" href="$class_view_1_1_sprite.html" title="{View.Sprite\n|+ isRunning\l&#45; walkClips\l&#45; shootClips\l&#45; dieClips\l&#45; numCellsDie\l&#45; numCells\l&#45; numCellsWalk\l&#45; numCellsShoot\l&#45; walkTimeline\l&#45; frameCounter\l&#45; shootTimeline\l&#45; dieTimeline\l&#45; timeline\l|+ Sprite()\l+ playContinuously()\l+ playShoot()\l+ playDie()\l+ stop()\l}" coords="809,189,948,501">
