<area shape="rect" id="node2" href="$class_controller_1_1_projectile_controller.html#750a0f204ae0892434718bf7ef85aba1" title="Controller.ProjectileController.display" coords="334,68,569,95">
<area shape="rect" id="node6" href="$class_controller_1_1_game_controller.html#68273e277ae3e6ea38d5f6c1eba8cb3f" title="Controller.GameController.getActivePlayers" coords="317,144,585,171">
<area shape="rect" id="node8" href="$class_model_1_1_game.html#b9fb2eb5371621da650399aaa0cf5a61" title="Model.Game.getTeam1" coords="374,195,529,221">
<area shape="rect" id="node9" href="$class_model_1_1_game.html#2d8d6b7cbd45d713945626313a78fe47" title="Model.Game.getTeam2" coords="374,245,529,272">
<area shape="rect" id="node10" href="$class_controller_1_1_player_controller.html#279c9521ac7155fb4d272fe7f44ceacf" title="Controller.PlayerController.moveLeft" coords="337,296,566,323">
<area shape="rect" id="node11" href="$class_controller_1_1_player_controller.html#ed6f8d524fe27845f2c50cd930e5cc5e" title="Controller.PlayerController.moveRight" coords="333,347,570,373">
<area shape="rect" id="node12" href="$class_controller_1_1_player_controller.html#8e1f385e13fe701265e643b21e5be6f6" title="Controller.PlayerController.shoot" coords="347,397,555,424">
<area shape="rect" id="node19" href="$class_controller_1_1_player_controller.html#367a0e39aa44dbfb0b767a92e663050c" title="Controller.PlayerController.turnLeft" coords="341,448,562,475">
<area shape="rect" id="node20" href="$class_controller_1_1_player_controller.html#35a608e66acdb02edc7d0644f3a53306" title="Controller.PlayerController.turnRight" coords="337,499,566,525">
<area shape="rect" id="node3" href="$class_view_1_1_projectile_view.html#4c4301c3b885555e8f98a84e621b4cbf" title="View.ProjectileView.display" coords="674,5,853,32">
<area shape="rect" id="node4" href="$class_model_1_1_projectile.html#9302d13412539802f77db5347da03786" title="Model.Projectile.posX" coords="691,56,836,83">
<area shape="rect" id="node5" href="$class_model_1_1_projectile.html#cdc4bec7652730a6bbd9cea3b7a3ab8b" title="Model.Projectile.posY" coords="691,107,835,133">
<area shape="rect" id="node7" href="$class_model_1_1_game.html#b0449a68edfa5ca323833f91e0f40e36" title="Model.Game.getActivePlayers" coords="668,157,859,184">
<area shape="rect" id="node13" href="$class_controller_1_1_player_controller.html#21149e48ab13f9fcc37e3f52df94eda7" title="Controller.PlayerController.getShootAngle" coords="633,347,893,373">
<area shape="rect" id="node14" href="$class_controller_1_1_projectile_controller.html#39ad1e549f5c9b413b09a7f3e3bb4b5d" title="Controller.ProjectileController.move" coords="650,397,877,424">
<area shape="rect" id="node16" href="$class_view_1_1_player_view.html#cc035d7f5a2c2def5d7998da971d03cc" title="View.PlayerView.shoot" coords="687,448,839,475">
<area shape="rect" id="node15" href="$class_model_1_1_projectile.html#a7c2c17ad954ef9eb3a41efd6dcd893d" title="Model.Projectile.move" coords="941,397,1089,424">
<area shape="rect" id="node17" href="$class_view_1_1_sprite.html#4a40d9ceea8472a1df3d119e4a9856f1" title="View.Sprite.playShoot" coords="941,448,1089,475">
<area shape="rect" id="node18" href="$class_view_1_1_sprite.html#5d6914e1e6471a54a5482ea1fdc8dd57" title="View.Sprite.playContinuously" coords="1137,448,1324,475">
