<area shape="rect" id="node2" href="$class_controller_1_1_player_controller.html#21149e48ab13f9fcc37e3f52df94eda7" title="Controller.PlayerController.getShootAngle" coords="261,5,521,32">
<area shape="rect" id="node3" href="$class_controller_1_1_projectile_controller.html#39ad1e549f5c9b413b09a7f3e3bb4b5d" title="Controller.ProjectileController.move" coords="278,56,505,83">
<area shape="rect" id="node5" href="$class_view_1_1_player_view.html#cc035d7f5a2c2def5d7998da971d03cc" title="View.PlayerView.shoot" coords="315,107,467,133">
<area shape="rect" id="node4" href="$class_model_1_1_projectile.html#a7c2c17ad954ef9eb3a41efd6dcd893d" title="Model.Projectile.move" coords="569,56,717,83">
<area shape="rect" id="node6" href="$class_view_1_1_sprite.html#4a40d9ceea8472a1df3d119e4a9856f1" title="View.Sprite.playShoot" coords="569,107,717,133">
<area shape="rect" id="node7" href="$class_view_1_1_sprite.html#5d6914e1e6471a54a5482ea1fdc8dd57" title="View.Sprite.playContinuously" coords="765,107,952,133">
